------------------------------------------------------------
TimeQuest Timing Analyzer Summary
------------------------------------------------------------

Type  : Slow 1100mV 100C Model Setup 'Clk'
Slack : -0.375
TNS   : -1.192

Type  : Slow 1100mV 100C Model Hold 'Clk'
Slack : 0.453
TNS   : 0.000

Type  : Slow 1100mV 100C Model Minimum Pulse Width 'Clk'
Slack : -0.538
TNS   : -3.151

Type  : Slow 1100mV -40C Model Setup 'Clk'
Slack : -0.447
TNS   : -1.489

Type  : Slow 1100mV -40C Model Hold 'Clk'
Slack : 0.498
TNS   : 0.000

Type  : Slow 1100mV -40C Model Minimum Pulse Width 'Clk'
Slack : -0.538
TNS   : -3.291

Type  : Fast 1100mV 100C Model Setup 'Clk'
Slack : 0.305
TNS   : 0.000

Type  : Fast 1100mV 100C Model Hold 'Clk'
Slack : 0.186
TNS   : 0.000

Type  : Fast 1100mV 100C Model Minimum Pulse Width 'Clk'
Slack : -0.076
TNS   : -0.299

Type  : Fast 1100mV -40C Model Setup 'Clk'
Slack : 0.350
TNS   : 0.000

Type  : Fast 1100mV -40C Model Hold 'Clk'
Slack : 0.169
TNS   : 0.000

Type  : Fast 1100mV -40C Model Minimum Pulse Width 'Clk'
Slack : -0.081
TNS   : -0.318

------------------------------------------------------------
